val_bpb: 0.681672
val_bpb: 0.691229
val_bpb: 0.685439
val_bpb: 0.681634
val_bpb: 0.684770
val_bpb: 0.685548
val_bpb: 0.676658
val_bpb: 0.684434
val_bpb: 0.691107
val_bpb: 0.690785
val_bpb: 0.686346
val_bpb: 0.691188
val_bpb: 0.684405
val_bpb: 0.676369
val_bpb: 0.680388
val_bpb: 0.689832
val_bpb: 0.685135
val_bpb: 0.639496
val_bpb: 0.682809
val_bpb: 0.682047
val_bpb: 0.675463
val_bpb: 0.682010
val_bpb: 0.639222
val_bpb: 0.682739
val_bpb: 0.680927
val_bpb: 0.682870
val_bpb: 0.681119
val_bpb: 0.644389
val_bpb: 0.675521
val_bpb: 0.619544
val_bpb: 0.607314
val_bpb: 0.684977
val_bpb: 0.582620
val_bpb: 0.658664
val_bpb: 0.683372
val_bpb: 0.597759
val_bpb: 0.640157
val_bpb: 0.679412
val_bpb: 0.638725
val_bpb: 0.655014
val_bpb: 0.643999
val_bpb: 0.663516
val_bpb: 0.638472
val_bpb: 0.663203
val_bpb: 0.685694
val_bpb: 0.623355
val_bpb: 0.681058
val_bpb: 0.659092
val_bpb: 0.647187
val_bpb: 0.664621
